// Jest Snapshot v1, https://goo.gl/fbAQLP

exports[`The Button component should renders correctly 1`] = `
<button
  className="button"
  type="button"
/>
`;
